     1                                  extern pi
     2                                  section .data
     3                                  section .bss
     4                                  section .text
     5                                  global c_area
     6                                  c_area:
     7                                    section .text
     8 00000000 55                        push  rbp
     9 00000001 4889E5                    mov   rbp, rsp
    10 00000004 F20F100C25-                   movsd xmm1, qword [pi]
    10 00000009 [00000000]         
    11 0000000D F20F59C0                      mulsd xmm0, xmm0 ; radius is in xmm0 ("param")
    12 00000011 F20F59C1                      mulsd xmm0, xmm1
    13 00000015 4889EC                    mov rsp, rbp
    14 00000018 5D                        pop rbp
    15 00000019 C3                        ret
    16                                  
    17                                  global c_circum
    18                                  c_circum:
    19                                    section .text
    20 0000001A 55                        push  rbp
    21 0000001B 4889E5                    mov   rbp, rsp
    22 0000001E F20F100C25-                   movsd xmm1, qword [pi] ; radius in xmm0 ("param")
    22 00000023 [00000000]         
    23 00000027 F20F58C0                      addsd xmm0, xmm0
    24 0000002B F20F59C1                      mulsd xmm0, xmm1
    25 0000002F 4889EC                    mov rsp, rbp
    26 00000032 5D                        pop rbp
    27 00000033 C3                        ret
    28                                  
